Contents                  Start(hex)    Size(dec)
Statictext0                 00000138          818
Meter0                      0000046A      261,126
Form1                       00000538      261,126
Leddigits0                  00040070       24,702
iLeddigits0                 000460EE      247,976
Gauge0                      00082996    1,178,072
Statictext1                 001A236E        5,116
Leddigits1                  001A376A        9,386
iLeddigits1                 001A5C14       18,488
Statictext2                 001AA44C        3,372
Leddigits2                  001AB178        6,306
iLeddigits2                 001ACA1A       21,008
Statictext3                 001B1C2A        3,240
Statictext4                 001B28D2        2,550
Leddigits3                  001B32C8        2,598
iLeddigits3                 001B3CEE       12,968
Statictext5                 001B6F96        1,350
Form2                       001B74DC      261,126
Leddigits4                  001F70E2        7,286
iLeddigits4                 001F8D58       24,008
Leddigits5                  001FEB20        4,886
iLeddigits5                 001FFE36       24,008
Leddigits6                  00201538       24,008
iLeddigits6                 00201538       24,008
Statictext6                 00205BFE        4,822
Statictext7                 00206ED4        5,270
Statictext8                 0020836A        6,390
Leddigits7                  001FA338       24,008
iLeddigits7                 001FA338       24,008
Leddigits8                  001FA338       24,008
iLeddigits8                 001FA338       24,008
Statictext9                 00209C60        3,534
Statictext10                0020AA2E        4,038
Statictext11                0020B9F4        5,270
Leddigits9                  001FA338       24,008
iLeddigits9                 001FA338       24,008
Font Courier New-17b___A    0020CE8A       12,494
                            0020FF58        1,536
